../Core/Src/lab.c:9:6:toggle2Led	16	static
../Core/Src/lab.c:30:6:turnOnRed	8	static
../Core/Src/lab.c:36:6:turnOnYellow	8	static
../Core/Src/lab.c:42:6:turnOnGreen	8	static
../Core/Src/lab.c:48:6:extraTurnOnRed	8	static
../Core/Src/lab.c:53:6:extraTurnOnYellow	8	static
../Core/Src/lab.c:58:6:extraTurnOnGreen	8	static
../Core/Src/lab.c:64:6:oneWayTrafficLight	16	static
../Core/Src/lab.c:103:6:fourWayTrafficLight	24	static
../Core/Src/lab.c:166:5:convertBinChar	16	static
../Core/Src/lab.c:170:6:convertState	40	static
../Core/Src/lab.c:181:6:display	24	static
../Core/Src/lab.c:188:6:display7Segment	16	static
