../Core/Src/lab.c:10:6:toggle2Led	16	static
../Core/Src/lab.c:31:6:turnOnRed	8	static
../Core/Src/lab.c:37:6:turnOnYellow	8	static
../Core/Src/lab.c:43:6:turnOnGreen	8	static
../Core/Src/lab.c:49:6:extraTurnOnRed	8	static
../Core/Src/lab.c:54:6:extraTurnOnYellow	8	static
../Core/Src/lab.c:59:6:extraTurnOnGreen	8	static
../Core/Src/lab.c:65:6:oneWayTrafficLight	16	static
../Core/Src/lab.c:104:6:fourWayTrafficLight	24	static
../Core/Src/lab.c:167:5:convertBinChar	16	static
../Core/Src/lab.c:171:6:convertState	40	static
../Core/Src/lab.c:182:6:display	24	static
../Core/Src/lab.c:189:6:display7Segment	16	static
../Core/Src/lab.c:228:6:testLed	8	static
../Core/Src/lab.c:243:6:clearAllClock	8	static
../Core/Src/lab.c:258:6:setNumberOnClock	16	static
../Core/Src/lab.c:262:6:clearNumberOnClock	16	static
../Core/Src/lab.c:266:6:runSecond	16	static
